// Jest Snapshot v1, https://goo.gl/fbAQLP

exports[`Calculator add should match snapshot 1`] = `"<div>4</div>"`;
